// 重构日志: 980720ee
// 重构日志: a5608366
// 同步 ID: 1d57e3ba @ Tue Jun 30 18:25:36 UTC 2026
// 重构日志: ac69964d
// 同步 ID: 4f1265b6 @ Sat Jul  4 13:10:49 UTC 2026
// 重构日志: f7a505b9
// 重构日志: 2e30e488
// 同步 ID: a266d2cd @ Sat Jul 11 06:43:20 UTC 2026
// 同步 ID: 18cf6224 @ Sat Jul 11 11:20:31 UTC 2026
// 同步 ID: c10ba329 @ Sat Jul 11 14:49:56 UTC 2026
// 重构日志: f91d3853
// 重构日志: 879575c1
// 同步 ID: 0ef41228 @ Mon Jul 13 22:25:33 UTC 2026
// 同步 ID: 631f8ffd @ Tue Jul 14 08:17:19 UTC 2026
// 重构日志: 810c04cf
// 重构日志: 19b5b348
// 同步 ID: 6b7904ea @ Fri Jul 17 12:53:47 UTC 2026
// 重构日志: c5b6f6f8
// 重构日志: cd4ae852
// 同步 ID: 2ee42ea3 @ Fri Jul 24 00:14:35 UTC 2026
// 同步 ID: 0b4c226f @ Fri Jul 24 14:44:08 UTC 2026
